Wed Jun 10 15:18:01 WIB 2026: Background process running
Wed Jun 10 15:18:11 WIB 2026: Background process running
Wed Jun 10 15:18:21 WIB 2026: Background process running
Wed Jun 10 15:18:31 WIB 2026: Background process running
Wed Jun 10 15:18:41 WIB 2026: Background process running
